E:/STM/MOTOR/foc-fmac-coric/fmc/MCSDK_v6.4.1-Full/MotorControl/MCSDK/MCLib/G4xx/Src/r3_2_g4xx_pwm_curr_fdbk.c:254:13:R3_2_ADCxInit	8	static
E:/STM/MOTOR/foc-fmac-coric/fmc/MCSDK_v6.4.1-Full/MotorControl/MCSDK/MCLib/G4xx/Src/r3_2_g4xx_pwm_curr_fdbk.c:579:13:R3_2_GetPhaseCurrents	12	static
E:/STM/MOTOR/foc-fmac-coric/fmc/MCSDK_v6.4.1-Full/MotorControl/MCSDK/MCLib/G4xx/Src/r3_2_g4xx_pwm_curr_fdbk.c:1088:10:R3_2_SetADCSampPointPolarization	4	static
E:/STM/MOTOR/foc-fmac-coric/fmc/MCSDK_v6.4.1-Full/MotorControl/MCSDK/MCLib/G4xx/Src/r3_2_g4xx_pwm_curr_fdbk.c:1319:13:R3_2_HFCurrentsPolarizationAB	8	static
E:/STM/MOTOR/foc-fmac-coric/fmc/MCSDK_v6.4.1-Full/MotorControl/MCSDK/MCLib/G4xx/Src/r3_2_g4xx_pwm_curr_fdbk.c:1369:13:R3_2_HFCurrentsPolarizationC	4	static
E:/STM/MOTOR/foc-fmac-coric/fmc/MCSDK_v6.4.1-Full/MotorControl/MCSDK/MCLib/G4xx/Src/r3_2_g4xx_pwm_curr_fdbk.c:1458:13:R3_2_SwitchOnPWM	16	static
E:/STM/MOTOR/foc-fmac-coric/fmc/MCSDK_v6.4.1-Full/MotorControl/MCSDK/MCLib/G4xx/Src/r3_2_g4xx_pwm_curr_fdbk.c:1884:13:R3_2_RLGetPhaseCurrents	4	static
E:/STM/MOTOR/foc-fmac-coric/fmc/MCSDK_v6.4.1-Full/MotorControl/MCSDK/MCLib/G4xx/Src/r3_2_g4xx_pwm_curr_fdbk.c:1976:13:R3_2_RLSwitchOnPWM	16	static
E:/STM/MOTOR/foc-fmac-coric/fmc/MCSDK_v6.4.1-Full/MotorControl/MCSDK/MCLib/G4xx/Src/r3_2_g4xx_pwm_curr_fdbk.c:1417:13:R3_2_TurnOnLowSides	4	static
E:/STM/MOTOR/foc-fmac-coric/fmc/MCSDK_v6.4.1-Full/MotorControl/MCSDK/MCLib/G4xx/Src/r3_2_g4xx_pwm_curr_fdbk.c:1514:13:R3_2_SwitchOffPWM	4	static
E:/STM/MOTOR/foc-fmac-coric/fmc/MCSDK_v6.4.1-Full/MotorControl/MCSDK/MCLib/G4xx/Src/r3_2_g4xx_pwm_curr_fdbk.c:1631:13:R3_2_SetAOReferenceVoltage	16	static
E:/STM/MOTOR/foc-fmac-coric/fmc/MCSDK_v6.4.1-Full/MotorControl/MCSDK/MCLib/G4xx/Src/r3_2_g4xx_pwm_curr_fdbk.c:1939:13:R3_2_RLTurnOnLowSides	4	static
E:/STM/MOTOR/foc-fmac-coric/fmc/MCSDK_v6.4.1-Full/MotorControl/MCSDK/MCLib/G4xx/Src/r3_2_g4xx_pwm_curr_fdbk.c:74:13:R3_2_Init	64	static
E:/STM/MOTOR/foc-fmac-coric/fmc/MCSDK_v6.4.1-Full/MotorControl/MCSDK/MCLib/G4xx/Src/r3_2_g4xx_pwm_curr_fdbk.c:420:13:R3_2_SetOffsetCalib	4	static
E:/STM/MOTOR/foc-fmac-coric/fmc/MCSDK_v6.4.1-Full/MotorControl/MCSDK/MCLib/G4xx/Src/r3_2_g4xx_pwm_curr_fdbk.c:445:13:R3_2_GetOffsetCalib	0	static
E:/STM/MOTOR/foc-fmac-coric/fmc/MCSDK_v6.4.1-Full/MotorControl/MCSDK/MCLib/G4xx/Src/r3_2_g4xx_pwm_curr_fdbk.c:471:13:R3_2_CurrentReadingPolarization	40	static,ignoring_inline_asm
E:/STM/MOTOR/foc-fmac-coric/fmc/MCSDK_v6.4.1-Full/MotorControl/MCSDK/MCLib/G4xx/Src/r3_2_g4xx_pwm_curr_fdbk.c:751:13:R3_2_GetPhaseCurrents_OVM	12	static
E:/STM/MOTOR/foc-fmac-coric/fmc/MCSDK_v6.4.1-Full/MotorControl/MCSDK/MCLib/G4xx/Src/r3_2_g4xx_pwm_curr_fdbk.c:1112:10:R3_2_SetADCSampPointSectX	12	static
E:/STM/MOTOR/foc-fmac-coric/fmc/MCSDK_v6.4.1-Full/MotorControl/MCSDK/MCLib/G4xx/Src/r3_2_g4xx_pwm_curr_fdbk.c:1197:10:R3_2_SetADCSampPointSectX_OVM	12	static
E:/STM/MOTOR/foc-fmac-coric/fmc/MCSDK_v6.4.1-Full/MotorControl/MCSDK/MCLib/G4xx/Src/r3_2_g4xx_pwm_curr_fdbk.c:1554:14:R3_2_TIMx_UP_IRQHandler	16	static
E:/STM/MOTOR/foc-fmac-coric/fmc/MCSDK_v6.4.1-Full/MotorControl/MCSDK/MCLib/G4xx/Src/r3_2_g4xx_pwm_curr_fdbk.c:1665:6:R3_2_RLDetectionModeEnable	4	static,ignoring_inline_asm
E:/STM/MOTOR/foc-fmac-coric/fmc/MCSDK_v6.4.1-Full/MotorControl/MCSDK/MCLib/G4xx/Src/r3_2_g4xx_pwm_curr_fdbk.c:1723:6:R3_2_RLDetectionModeDisable	4	static,ignoring_inline_asm
E:/STM/MOTOR/foc-fmac-coric/fmc/MCSDK_v6.4.1-Full/MotorControl/MCSDK/MCLib/G4xx/Src/r3_2_g4xx_pwm_curr_fdbk.c:1810:10:R3_2_RLDetectionModeSetDuty	4	static
E:/STM/MOTOR/foc-fmac-coric/fmc/MCSDK_v6.4.1-Full/MotorControl/MCSDK/MCLib/G4xx/Src/r3_2_g4xx_pwm_curr_fdbk.c:2039:6:R3_2_RLTurnOnLowSidesAndStart	8	static
