E:/STM/MOTOR/foc-fmac-coric/fmc/MCSDK_v6.4.1-Full/MotorControl/MCSDK/MCLib/Any/Src/revup_ctrl.c:109:13:RUC_Init	4	static
E:/STM/MOTOR/foc-fmac-coric/fmc/MCSDK_v6.4.1-Full/MotorControl/MCSDK/MCLib/Any/Src/revup_ctrl.c:163:13:RUC_Clear	24	static
E:/STM/MOTOR/foc-fmac-coric/fmc/MCSDK_v6.4.1-Full/MotorControl/MCSDK/MCLib/Any/Src/revup_ctrl.c:225:13:RUC_OTF_Exec	16	static
E:/STM/MOTOR/foc-fmac-coric/fmc/MCSDK_v6.4.1-Full/MotorControl/MCSDK/MCLib/Any/Src/revup_ctrl.c:505:13:RUC_Exec	8	static
E:/STM/MOTOR/foc-fmac-coric/fmc/MCSDK_v6.4.1-Full/MotorControl/MCSDK/MCLib/Any/Src/revup_ctrl.c:572:9:RUC_IsAlignStageNow	0	static
E:/STM/MOTOR/foc-fmac-coric/fmc/MCSDK_v6.4.1-Full/MotorControl/MCSDK/MCLib/Any/Src/revup_ctrl.c:612:13:RUC_FirstAccelerationStageReached	0	static
E:/STM/MOTOR/foc-fmac-coric/fmc/MCSDK_v6.4.1-Full/MotorControl/MCSDK/MCLib/Any/Src/revup_ctrl.c:645:13:RUC_SetPhaseDurationms	0	static
E:/STM/MOTOR/foc-fmac-coric/fmc/MCSDK_v6.4.1-Full/MotorControl/MCSDK/MCLib/Any/Src/revup_ctrl.c:669:13:RUC_SetPhaseFinalMecSpeedUnit	0	static
E:/STM/MOTOR/foc-fmac-coric/fmc/MCSDK_v6.4.1-Full/MotorControl/MCSDK/MCLib/Any/Src/revup_ctrl.c:692:13:RUC_SetPhaseFinalTorque	0	static
E:/STM/MOTOR/foc-fmac-coric/fmc/MCSDK_v6.4.1-Full/MotorControl/MCSDK/MCLib/Any/Src/revup_ctrl.c:715:17:RUC_GetPhaseDurationms	0	static
E:/STM/MOTOR/foc-fmac-coric/fmc/MCSDK_v6.4.1-Full/MotorControl/MCSDK/MCLib/Any/Src/revup_ctrl.c:731:16:RUC_GetPhaseFinalMecSpeedUnit	0	static
E:/STM/MOTOR/foc-fmac-coric/fmc/MCSDK_v6.4.1-Full/MotorControl/MCSDK/MCLib/Any/Src/revup_ctrl.c:747:16:RUC_GetPhaseFinalTorque	0	static
