E:/STM/MOTOR/foc-fmac-coric/fmc/MCSDK_v6.4.1-Full/MotorControl/MCSDK/MCLib/Any/Src/speed_pos_fdbk.c:64:16:SPD_GetMecAngle	0	static
E:/STM/MOTOR/foc-fmac-coric/fmc/MCSDK_v6.4.1-Full/MotorControl/MCSDK/MCLib/Any/Src/speed_pos_fdbk.c:78:16:SPD_GetAvrgMecSpeedUnit	0	static
E:/STM/MOTOR/foc-fmac-coric/fmc/MCSDK_v6.4.1-Full/MotorControl/MCSDK/MCLib/Any/Src/speed_pos_fdbk.c:96:16:SPD_GetElSpeedDpp	0	static
E:/STM/MOTOR/foc-fmac-coric/fmc/MCSDK_v6.4.1-Full/MotorControl/MCSDK/MCLib/Any/Src/speed_pos_fdbk.c:132:13:SPD_IsMecSpeedReliable	8	static
E:/STM/MOTOR/foc-fmac-coric/fmc/MCSDK_v6.4.1-Full/MotorControl/MCSDK/MCLib/Any/Src/speed_pos_fdbk.c:246:16:SPD_GetS16Speed	0	static
E:/STM/MOTOR/foc-fmac-coric/fmc/MCSDK_v6.4.1-Full/MotorControl/MCSDK/MCLib/Any/Src/speed_pos_fdbk.c:274:16:SPD_GetElToMecRatio	0	static
E:/STM/MOTOR/foc-fmac-coric/fmc/MCSDK_v6.4.1-Full/MotorControl/MCSDK/MCLib/Any/Src/speed_pos_fdbk.c:292:13:SPD_SetElToMecRatio	0	static
