E:/STM/MOTOR/foc-fmac-coric/fmc/MCSDK_v6.4.1-Full/MotorControl/MCSDK/MCLib/Any/Src/sto_pll_speed_pos_fdbk.c:114:13:STO_PLL_Return	0	static
E:/STM/MOTOR/foc-fmac-coric/fmc/MCSDK_v6.4.1-Full/MotorControl/MCSDK/MCLib/Any/Src/sto_pll_speed_pos_fdbk.c:148:16:STO_PLL_CalcElAngle	72	static
E:/STM/MOTOR/foc-fmac-coric/fmc/MCSDK_v6.4.1-Full/MotorControl/MCSDK/MCLib/Any/Src/sto_pll_speed_pos_fdbk.c:395:13:STO_PLL_CalcAvrgMecSpeedUnit	20	static
E:/STM/MOTOR/foc-fmac-coric/fmc/MCSDK_v6.4.1-Full/MotorControl/MCSDK/MCLib/Any/Src/sto_pll_speed_pos_fdbk.c:559:13:STO_PLL_CalcAvrgElSpeedDpp	4	static
E:/STM/MOTOR/foc-fmac-coric/fmc/MCSDK_v6.4.1-Full/MotorControl/MCSDK/MCLib/Any/Src/sto_pll_speed_pos_fdbk.c:625:13:STO_PLL_Clear	8	static
E:/STM/MOTOR/foc-fmac-coric/fmc/MCSDK_v6.4.1-Full/MotorControl/MCSDK/MCLib/Any/Src/sto_pll_speed_pos_fdbk.c:63:13:STO_PLL_Init	8	static
E:/STM/MOTOR/foc-fmac-coric/fmc/MCSDK_v6.4.1-Full/MotorControl/MCSDK/MCLib/Any/Src/sto_pll_speed_pos_fdbk.c:752:13:STO_PLL_IsObserverConverged	12	static
E:/STM/MOTOR/foc-fmac-coric/fmc/MCSDK_v6.4.1-Full/MotorControl/MCSDK/MCLib/Any/Src/sto_pll_speed_pos_fdbk.c:865:20:STO_PLL_GetEstimatedBemf	8	static
E:/STM/MOTOR/foc-fmac-coric/fmc/MCSDK_v6.4.1-Full/MotorControl/MCSDK/MCLib/Any/Src/sto_pll_speed_pos_fdbk.c:891:20:STO_PLL_GetEstimatedCurrent	8	static
E:/STM/MOTOR/foc-fmac-coric/fmc/MCSDK_v6.4.1-Full/MotorControl/MCSDK/MCLib/Any/Src/sto_pll_speed_pos_fdbk.c:926:13:STO_PLL_GetObserverGains	0	static
E:/STM/MOTOR/foc-fmac-coric/fmc/MCSDK_v6.4.1-Full/MotorControl/MCSDK/MCLib/Any/Src/sto_pll_speed_pos_fdbk.c:947:13:STO_PLL_SetObserverGains	0	static
E:/STM/MOTOR/foc-fmac-coric/fmc/MCSDK_v6.4.1-Full/MotorControl/MCSDK/MCLib/Any/Src/sto_pll_speed_pos_fdbk.c:968:13:STO_GetPLLGains	16	static
E:/STM/MOTOR/foc-fmac-coric/fmc/MCSDK_v6.4.1-Full/MotorControl/MCSDK/MCLib/Any/Src/sto_pll_speed_pos_fdbk.c:995:13:STO_PLL_SetMecAngle	0	static
E:/STM/MOTOR/foc-fmac-coric/fmc/MCSDK_v6.4.1-Full/MotorControl/MCSDK/MCLib/Any/Src/sto_pll_speed_pos_fdbk.c:1014:13:STO_OTF_ResetPLL	0	static
E:/STM/MOTOR/foc-fmac-coric/fmc/MCSDK_v6.4.1-Full/MotorControl/MCSDK/MCLib/Any/Src/sto_pll_speed_pos_fdbk.c:1037:13:STO_PLL_BemfConsistencyCheckSwitch	0	static
E:/STM/MOTOR/foc-fmac-coric/fmc/MCSDK_v6.4.1-Full/MotorControl/MCSDK/MCLib/Any/Src/sto_pll_speed_pos_fdbk.c:1059:13:STO_PLL_IsBemfConsistent	0	static
E:/STM/MOTOR/foc-fmac-coric/fmc/MCSDK_v6.4.1-Full/MotorControl/MCSDK/MCLib/Any/Src/sto_pll_speed_pos_fdbk.c:1074:13:STO_PLL_IsVarianceTight	0	static
E:/STM/MOTOR/foc-fmac-coric/fmc/MCSDK_v6.4.1-Full/MotorControl/MCSDK/MCLib/Any/Src/sto_pll_speed_pos_fdbk.c:1098:13:STO_PLL_ForceConvergency1	0	static
E:/STM/MOTOR/foc-fmac-coric/fmc/MCSDK_v6.4.1-Full/MotorControl/MCSDK/MCLib/Any/Src/sto_pll_speed_pos_fdbk.c:1120:13:STO_PLL_ForceConvergency2	0	static
E:/STM/MOTOR/foc-fmac-coric/fmc/MCSDK_v6.4.1-Full/MotorControl/MCSDK/MCLib/Any/Src/sto_pll_speed_pos_fdbk.c:1140:13:STO_SetDirection	0	static
