E:/STM/MOTOR/foc-fmac-coric/fmc/Src/mc_tasks_foc.c:471:13:FOC_Clear	16	static
E:/STM/MOTOR/foc-fmac-coric/fmc/Src/mc_tasks_foc.c:79:13:FOC_Init	40	static
E:/STM/MOTOR/foc-fmac-coric/fmc/Src/mc_tasks_foc.c:149:6:TSK_MF_StopProcessing	8	static
E:/STM/MOTOR/foc-fmac-coric/fmc/Src/mc_tasks_foc.c:505:13:FOC_InitAdditionalMethods	0	static
E:/STM/MOTOR/foc-fmac-coric/fmc/Src/mc_tasks_foc.c:528:13:FOC_CalcCurrRef	24	static,ignoring_inline_asm
E:/STM/MOTOR/foc-fmac-coric/fmc/Src/mc_tasks_foc.c:168:13:TSK_MediumFrequencyTaskM1	32	static
E:/STM/MOTOR/foc-fmac-coric/fmc/Src/mc_tasks_foc.c:583:16:FOC_HighFrequencyTask	64	static
