E:/STM/MOTOR/foc-fmac-coric/fmc/Src/pwm_curr_fdbk.c:75:6:PWMC_Clear	0	static
E:/STM/MOTOR/foc-fmac-coric/fmc/Src/pwm_curr_fdbk.c:100:13:PWMC_SetOffsetCalib	0	static
E:/STM/MOTOR/foc-fmac-coric/fmc/Src/pwm_curr_fdbk.c:117:13:PWMC_GetOffsetCalib	0	static
E:/STM/MOTOR/foc-fmac-coric/fmc/Src/pwm_curr_fdbk.c:156:17:PWMC_SetPhaseVoltage	24	static
E:/STM/MOTOR/foc-fmac-coric/fmc/Src/pwm_curr_fdbk.c:330:13:PWMC_SwitchOffPWM	0	static
E:/STM/MOTOR/foc-fmac-coric/fmc/Src/pwm_curr_fdbk.c:352:13:PWMC_SwitchOnPWM	0	static
E:/STM/MOTOR/foc-fmac-coric/fmc/Src/pwm_curr_fdbk.c:380:13:PWMC_CurrentReadingCalibr	8	static
E:/STM/MOTOR/foc-fmac-coric/fmc/Src/pwm_curr_fdbk.c:482:6:PWMC_CalcPhaseCurrentsEst	24	static
E:/STM/MOTOR/foc-fmac-coric/fmc/Src/pwm_curr_fdbk.c:537:13:PWMC_TurnOnLowSides	0	static
E:/STM/MOTOR/foc-fmac-coric/fmc/Src/pwm_curr_fdbk.c:565:14:PWMC_OCP_Handler	8	static
E:/STM/MOTOR/foc-fmac-coric/fmc/Src/pwm_curr_fdbk.c:597:14:PWMC_DP_Handler	8	static
E:/STM/MOTOR/foc-fmac-coric/fmc/Src/pwm_curr_fdbk.c:630:14:PWMC_OVP_Handler	0	static
E:/STM/MOTOR/foc-fmac-coric/fmc/Src/pwm_curr_fdbk.c:658:17:PWMC_IsFaultOccurred	0	static
E:/STM/MOTOR/foc-fmac-coric/fmc/Src/pwm_curr_fdbk.c:704:13:PWMC_OCPSetReferenceVoltage	0	static
E:/STM/MOTOR/foc-fmac-coric/fmc/Src/pwm_curr_fdbk.c:723:13:PWMC_DPWM_ModeEnable	0	static
E:/STM/MOTOR/foc-fmac-coric/fmc/Src/pwm_curr_fdbk.c:742:13:PWMC_DPWM_ModeDisable	0	static
E:/STM/MOTOR/foc-fmac-coric/fmc/Src/pwm_curr_fdbk.c:763:13:PWMC_GetDPWM_Mode	0	static
E:/STM/MOTOR/foc-fmac-coric/fmc/Src/pwm_curr_fdbk.c:776:13:PWMC_RLDetectionModeEnable	0	static
E:/STM/MOTOR/foc-fmac-coric/fmc/Src/pwm_curr_fdbk.c:796:13:PWMC_RLDetectionModeDisable	0	static
E:/STM/MOTOR/foc-fmac-coric/fmc/Src/pwm_curr_fdbk.c:820:17:PWMC_RLDetectionModeSetDuty	0	static
E:/STM/MOTOR/foc-fmac-coric/fmc/Src/pwm_curr_fdbk.c:843:13:PWMC_RLTurnOnLowSidesAndStart	0	static
E:/STM/MOTOR/foc-fmac-coric/fmc/Src/pwm_curr_fdbk.c:865:13:PWMC_RegisterGetPhaseCurrentsCallBack	0	static
E:/STM/MOTOR/foc-fmac-coric/fmc/Src/pwm_curr_fdbk.c:888:13:PWMC_RegisterSwitchOffPwmCallBack	0	static
E:/STM/MOTOR/foc-fmac-coric/fmc/Src/pwm_curr_fdbk.c:911:13:PWMC_RegisterSwitchonPwmCallBack	0	static
E:/STM/MOTOR/foc-fmac-coric/fmc/Src/pwm_curr_fdbk.c:934:13:PWMC_RegisterReadingCalibrationCallBack	0	static
E:/STM/MOTOR/foc-fmac-coric/fmc/Src/pwm_curr_fdbk.c:956:13:PWMC_RegisterTurnOnLowSidesCallBack	0	static
E:/STM/MOTOR/foc-fmac-coric/fmc/Src/pwm_curr_fdbk.c:978:13:PWMC_RegisterSampPointSectXCallBack	0	static
E:/STM/MOTOR/foc-fmac-coric/fmc/Src/pwm_curr_fdbk.c:1001:13:PWMC_RegisterOCPSetRefVoltageCallBack	0	static
E:/STM/MOTOR/foc-fmac-coric/fmc/Src/pwm_curr_fdbk.c:1023:13:PWMC_RegisterRLDetectionModeEnableCallBack	0	static
E:/STM/MOTOR/foc-fmac-coric/fmc/Src/pwm_curr_fdbk.c:1045:13:PWMC_RegisterRLDetectionModeDisableCallBack	0	static
E:/STM/MOTOR/foc-fmac-coric/fmc/Src/pwm_curr_fdbk.c:1068:13:PWMC_RegisterRLDetectionModeSetDutyCallBack	0	static
