E:/STM/MOTOR/foc-fmac-coric/fmc/Src/tim.c:31:6:MX_TIM1_Init	152	static
E:/STM/MOTOR/foc-fmac-coric/fmc/Src/tim.c:120:6:MX_TIM6_Init	24	static
E:/STM/MOTOR/foc-fmac-coric/fmc/Src/tim.c:153:6:HAL_TIM_PWM_MspInit	40	static
E:/STM/MOTOR/foc-fmac-coric/fmc/Src/tim.c:182:6:HAL_TIM_Base_MspInit	8	static
E:/STM/MOTOR/foc-fmac-coric/fmc/Src/tim.c:197:6:HAL_TIM_MspPostInit	40	static
E:/STM/MOTOR/foc-fmac-coric/fmc/Src/tim.c:227:6:HAL_TIM_PWM_MspDeInit	8	static
E:/STM/MOTOR/foc-fmac-coric/fmc/Src/tim.c:255:6:HAL_TIM_Base_MspDeInit	0	static
